127.0.0.1 - - [08/Oct/2021:12:16:46 +0200] "GET / HTTP/1.1" 404 751
192.168.1.81 - - [08/Oct/2021:12:17:36 +0200] "POST /PJDM_mySugarLevel/ValoriServlet?id_utente=1&data=2021/10/08&orario=13:40&valore=120&insulina=0&cibo=0 HTTP/1.1" 500 1455
192.168.1.81 - - [08/Oct/2021:12:17:36 +0200] "POST /PJDM_mySugarLevel/ValoriServlet?id_utente=1&data=2021/10/08&orario=13:40&valore=120&insulina=0&cibo=0 HTTP/1.1" 500 1455
192.168.1.81 - - [08/Oct/2021:12:18:04 +0200] "GET /PJDM_mySugarLevel/ListaSingolaServlet?id_utente=1&data=2021/10/08 HTTP/1.1" 500 1458
192.168.1.81 - - [08/Oct/2021:12:18:24 +0200] "POST /PJDM_mySugarLevel/ValoriServlet?id_utente=1&data=2021/10/08&orario=12:20&valore=120&insulina=0&cibo=0 HTTP/1.1" 500 1455
0:0:0:0:0:0:0:1 - - [08/Oct/2021:12:19:01 +0200] "POST /PJDM_mySugarLevel/ValoriServlet?id_utente=1&data=2021/10/06&orario=22:21&valore=222&insulina=0&cibo=0 HTTP/1.1" 500 1455
192.168.1.81 - - [08/Oct/2021:12:19:34 +0200] "GET /PJDM_mySugarLevel/ListaSingolaServlet?id_utente=1&data=2021/10/08 HTTP/1.1" 500 1458
127.0.0.1 - - [08/Oct/2021:12:22:14 +0200] "GET / HTTP/1.1" 404 751
0:0:0:0:0:0:0:1 - - [08/Oct/2021:12:22:22 +0200] "POST /PJDM_mySugarLevel/ValoriServlet?id_utente=1&data=2021/10/06&orario=22:21&valore=222&insulina=0&cibo=0 HTTP/1.1" 500 35
0:0:0:0:0:0:0:1 - - [08/Oct/2021:12:22:26 +0200] "DELETE /PJDM_mySugarLevel/ValoriServlet?id_utente=2&data=2021-12-22&orario=14:30 HTTP/1.1" 200 44
0:0:0:0:0:0:0:1 - - [08/Oct/2021:12:22:30 +0200] "POST /PJDM_mySugarLevel/ValoriServlet?id_utente=1&data=2021/10/06&orario=22:21&valore=222&insulina=0&cibo=0 HTTP/1.1" 500 35
0:0:0:0:0:0:0:1 - - [08/Oct/2021:12:22:32 +0200] "POST /PJDM_mySugarLevel/ValoriServlet?id_utente=1&data=2021/10/06&orario=22:21&valore=222&insulina=0&cibo=0 HTTP/1.1" 500 35
0:0:0:0:0:0:0:1 - - [08/Oct/2021:12:22:36 +0200] "DELETE /PJDM_mySugarLevel/ValoriServlet?id_utente=2&data=2021-12-22&orario=14:30 HTTP/1.1" 400 44
0:0:0:0:0:0:0:1 - - [08/Oct/2021:12:22:39 +0200] "POST /PJDM_mySugarLevel/ValoriServlet?id_utente=1&data=2021/10/06&orario=22:21&valore=222&insulina=0&cibo=0 HTTP/1.1" 500 35
0:0:0:0:0:0:0:1 - - [08/Oct/2021:12:22:41 +0200] "POST /PJDM_mySugarLevel/ValoriServlet?id_utente=1&data=2021/10/06&orario=22:21&valore=222&insulina=0&cibo=0 HTTP/1.1" 500 35
0:0:0:0:0:0:0:1 - - [08/Oct/2021:12:23:00 +0200] "POST /PJDM_mySugarLevel/ValoriServlet?id_utente=1&data=2021/10/06&orario=22:21&valore=222&insulina=0&cibo=0 HTTP/1.1" 500 35
0:0:0:0:0:0:0:1 - - [08/Oct/2021:12:23:05 +0200] "POST /PJDM_mySugarLevel/ValoriServlet?id_utente=1&data=2021/10/05&orario=22:21&valore=222&insulina=0&cibo=0 HTTP/1.1" 200 31
192.168.1.81 - - [08/Oct/2021:12:23:21 +0200] "GET /PJDM_mySugarLevel/ListaSingolaServlet?id_utente=1&data=2021/10/08 HTTP/1.1" 200 12
192.168.1.81 - - [08/Oct/2021:12:23:26 +0200] "GET /PJDM_mySugarLevel/ListaSingolaServlet?id_utente=1&data=2021/10/7 HTTP/1.1" 200 12
192.168.1.81 - - [08/Oct/2021:12:23:36 +0200] "POST /PJDM_mySugarLevel/ValoriServlet?id_utente=1&data=2021/10/08&orario=12:30&valore=120&insulina=0&cibo=1 HTTP/1.1" 200 31
192.168.1.81 - - [08/Oct/2021:12:23:39 +0200] "GET /PJDM_mySugarLevel/ListaSingolaServlet?id_utente=1&data=2021/10/08 HTTP/1.1" 200 93
192.168.1.81 - - [08/Oct/2021:13:02:47 +0200] "GET /PJDM_mySugarLevel/ListaSingolaServlet?id_utente=1&data=2021/10/08 HTTP/1.1" 200 93
192.168.1.81 - - [08/Oct/2021:13:03:13 +0200] "POST /PJDM_mySugarLevel/ValoriServlet?id_utente=1&data=2021/10/08&orario=13:20&valore=120&insulina=0&cibo=0 HTTP/1.1" 200 31
192.168.1.81 - - [08/Oct/2021:13:03:29 +0200] "GET /PJDM_mySugarLevel/ListaSingolaServlet?id_utente=1&data=2021/10/08 HTTP/1.1" 200 174
192.168.1.81 - - [08/Oct/2021:13:03:54 +0200] "GET /PJDM_mySugarLevel/ListaSingolaServlet?id_utente=1&data=2021/10/08 HTTP/1.1" 200 174
192.168.1.81 - - [08/Oct/2021:13:04:03 +0200] "GET /PJDM_mySugarLevel/ListaSingolaServlet?id_utente=1&data=2021/10/08 HTTP/1.1" 200 174
192.168.1.81 - - [08/Oct/2021:13:10:18 +0200] "GET /PJDM_mySugarLevel/ListaSingolaServlet?id_utente=1&data=2021-10-08 HTTP/1.1" 200 174
192.168.1.81 - - [08/Oct/2021:13:10:22 +0200] "GET /PJDM_mySugarLevel/ListaSingolaServlet?id_utente=1&data=2021/10/08 HTTP/1.1" 200 174
192.168.1.81 - - [08/Oct/2021:13:13:27 +0200] "GET /PJDM_mySugarLevel/ListaSingolaServlet?id_utente=1&data=2021/10/08 HTTP/1.1" 200 174
192.168.1.81 - - [08/Oct/2021:13:13:30 +0200] "GET /PJDM_mySugarLevel/ListaSingolaServlet?id_utente=1&data=2021-10-08 HTTP/1.1" 200 174
192.168.1.81 - - [08/Oct/2021:13:13:33 +0200] "GET /PJDM_mySugarLevel/ListaValoriServlet?id_utente=1&data1=2021/10/01&data2=2021/10/08 HTTP/1.1" 200 499
192.168.1.81 - - [08/Oct/2021:13:13:34 +0200] "GET /PJDM_mySugarLevel/ListaValoriServlet?id_utente=1&data1=2021/10/01&data2=2021/10/08 HTTP/1.1" 200 499
192.168.1.81 - - [08/Oct/2021:13:13:38 +0200] "GET /PJDM_mySugarLevel/ListaValoriServlet?id_utente=1&data1=2021/10/01&data2=2021/10/08 HTTP/1.1" 200 499
192.168.1.81 - - [08/Oct/2021:13:13:46 +0200] "GET /PJDM_mySugarLevel/ListaValoriServlet?id_utente=1&data1=2021/10/01&data2=2021/10/08 HTTP/1.1" 200 499
192.168.1.81 - - [08/Oct/2021:13:13:52 +0200] "GET /PJDM_mySugarLevel/ListaValoriServlet?id_utente=1&data1=2021/10/01&data2=2021/10/08 HTTP/1.1" 200 499
192.168.1.81 - - [08/Oct/2021:13:13:58 +0200] "GET /PJDM_mySugarLevel/ListaValoriServlet?id_utente=1&data1=2021/10/01&data2=2021/10/08 HTTP/1.1" 200 499
192.168.1.81 - - [08/Oct/2021:13:14:10 +0200] "GET /PJDM_mySugarLevel/ListaValoriServlet?id_utente=1&data1=2021/10/01&data2=2021/10/08 HTTP/1.1" 200 499
192.168.1.81 - - [08/Oct/2021:13:22:25 +0200] "GET /PJDM_mySugarLevel/ListaSingolaServlet?id_utente=1&data=2021/10/08 HTTP/1.1" 200 174
192.168.1.81 - - [08/Oct/2021:13:25:23 +0200] "GET /PJDM_mySugarLevel/ListaSingolaServlet?id_utente=1&data=2021/10/08 HTTP/1.1" 200 174
127.0.0.1 - - [08/Oct/2021:13:25:40 +0200] "GET / HTTP/1.1" 404 751
192.168.1.81 - - [08/Oct/2021:13:25:42 +0200] "GET /PJDM_mySugarLevel/ListaSingolaServlet?id_utente=1&data=2021/10/08 HTTP/1.1" 200 174
192.168.1.81 - - [08/Oct/2021:13:25:44 +0200] "GET /PJDM_mySugarLevel/ListaSingolaServlet?id_utente=1&data=2021/10/08 HTTP/1.1" 200 174
127.0.0.1 - - [08/Oct/2021:16:07:26 +0200] "GET / HTTP/1.1" 404 751
0:0:0:0:0:0:0:1 - - [08/Oct/2021:16:07:57 +0200] "GET /PJDM_mySugarLevel_2.0/ValoriServlet?id_utente=1&data=2021-09-08&orario=20:30 HTTP/1.1" 404 790
127.0.0.1 - - [08/Oct/2021:16:08:43 +0200] "GET / HTTP/1.1" 404 751
0:0:0:0:0:0:0:1 - - [08/Oct/2021:16:08:51 +0200] "GET /PJDM_mySugarLevel_v2/ValoriServlet?id_utente=1&data=2021-09-08&orario=20:30 HTTP/1.1" 404 789
0:0:0:0:0:0:0:1 - - [08/Oct/2021:16:09:06 +0200] "GET /PJDM_mySugarLevel_v2/LoadValoreServlet?id_utente=1&data=2021-09-08&orario=20:30 HTTP/1.1" 404 793
0:0:0:0:0:0:0:1 - - [08/Oct/2021:16:10:20 +0200] "GET /PJDM_mySugarLevel_v2 HTTP/1.1" 404 771
0:0:0:0:0:0:0:1 - - [08/Oct/2021:16:10:20 +0200] "GET /favicon.ico HTTP/1.1" 404 762
0:0:0:0:0:0:0:1 - - [08/Oct/2021:16:10:26 +0200] "GET /PJDM_mySugarLevel_v2/ HTTP/1.1" 404 776
0:0:0:0:0:0:0:1 - - [08/Oct/2021:16:10:31 +0200] "GET / HTTP/1.1" 404 751
0:0:0:0:0:0:0:1 - - [08/Oct/2021:16:11:07 +0200] "GET / HTTP/1.1" 404 751
127.0.0.1 - - [08/Oct/2021:16:11:07 +0200] "GET / HTTP/1.1" 404 751
0:0:0:0:0:0:0:1 - - [08/Oct/2021:16:11:08 +0200] "GET /PJDM_mySugarLevel_v2/WEB-INF/classes/it/uniroma2/pjdm/mySugarLevel/servlet/LoadValoreServlet.java HTTP/1.1" 404 682
0:0:0:0:0:0:0:1 - - [08/Oct/2021:16:11:09 +0200] "GET /PJDM_mySugarLevel_v2/LoadValoreServlet?id_utente=1&data=2021-09-08&orario=20:30 HTTP/1.1" 500 3567
127.0.0.1 - - [08/Oct/2021:16:13:03 +0200] "GET / HTTP/1.1" 404 751
0:0:0:0:0:0:0:1 - - [08/Oct/2021:16:13:03 +0200] "GET /PJDM_mySugarLevel_v2/LoadValoreServlet?id_utente=1&data=2021-09-08&orario=20:30 HTTP/1.1" 500 3567
127.0.0.1 - - [08/Oct/2021:16:14:09 +0200] "GET / HTTP/1.1" 404 751
0:0:0:0:0:0:0:1 - - [08/Oct/2021:16:14:13 +0200] "GET /PJDM_mySugarLevel_v2/LoadValoreServlet?id_utente=1&data=2021-09-08&orario=20:30 HTTP/1.1" 500 3567
0:0:0:0:0:0:0:1 - - [08/Oct/2021:16:17:19 +0200] "GET /PJDM_mySugarLevel_v2/LoadValoreServlet?id_utente=1&data=2021-09-08&orario=20:30 HTTP/1.1" 500 3567
127.0.0.1 - - [08/Oct/2021:16:18:48 +0200] "GET / HTTP/1.1" 404 751
0:0:0:0:0:0:0:1 - - [08/Oct/2021:16:18:57 +0200] "GET /PJDM_mySugarLevel_v2/LoadValoreServlet?id_utente=1&data=2021-09-08&orario=20:30 HTTP/1.1" 404 20
0:0:0:0:0:0:0:1 - - [08/Oct/2021:16:19:15 +0200] "GET /PJDM_mySugarLevel_v2/LoadValoreServlet?id_utente=1&data=2021-09-08&orario=12:30 HTTP/1.1" 200 91
0:0:0:0:0:0:0:1 - - [08/Oct/2021:16:20:55 +0200] "GET /PJDM_mySugarLevel_v2/LoadValoreServlet?id_utente=1&data=2021-09-08&orario=12:30 HTTP/1.1" 200 91
0:0:0:0:0:0:0:1 - - [08/Oct/2021:16:21:06 +0200] "GET /PJDM_mySugarLevel_v2/ListaValoriServlet?data1=2021-09-06&data2=2021-09-10 HTTP/1.1" 404 794
0:0:0:0:0:0:0:1 - - [08/Oct/2021:16:21:35 +0200] "GET /PJDM_mySugarLevel_v2/LoadValoreByDate?data1=2021-09-06&data2=2021-09-10 HTTP/1.1" 404 792
0:0:0:0:0:0:0:1 - - [08/Oct/2021:16:22:03 +0200] "GET /PJDM_mySugarLevel_v2/LoadValoreByDate?data1=2021-09-06&data2=2021-09-10 HTTP/1.1" 404 792
0:0:0:0:0:0:0:1 - - [08/Oct/2021:16:22:11 +0200] "GET /PJDM_mySugarLevel_v2/LoadValoreByDateServlet?data1=2021-09-06&data2=2021-09-10 HTTP/1.1" 400 29
0:0:0:0:0:0:0:1 - - [08/Oct/2021:16:22:38 +0200] "GET /PJDM_mySugarLevel_v2/LoadValoreByDateServlet?id_utente=1&data1=2021-09-06&data2=2021-09-10 HTTP/1.1" 200 337
0:0:0:0:0:0:0:1 - - [08/Oct/2021:16:24:01 +0200] "GET /PJDM_mySugarLevel_v2/LoadValoreByUnaDataServlet?id_utente=2&data=2021-12-22 HTTP/1.1" 200 93
0:0:0:0:0:0:0:1 - - [08/Oct/2021:16:24:26 +0200] "POST /PJDM_mySugarLevel_v2/InserValoreServlet?id_utente=1&data=2021/10/05&orario=22:21&valore=222&insulina=0&cibo=0 HTTP/1.1" 404 794
0:0:0:0:0:0:0:1 - - [08/Oct/2021:16:24:49 +0200] "POST /PJDM_mySugarLevel_v2/InsertValoreServlet?id_utente=1&data=2021/10/05&orario=22:21&valore=222&insulina=0&cibo=0 HTTP/1.1" 500 35
0:0:0:0:0:0:0:1 - - [08/Oct/2021:16:25:13 +0200] "DELETE /PJDM_mySugarLevel_v2/DeleteValoreServlet?id_utente=2&data=2021-12-22&orario=14:30 HTTP/1.1" 400 44
0:0:0:0:0:0:0:1 - - [08/Oct/2021:16:25:24 +0200] "GET /PJDM_mySugarLevel_v2/LoadValoreByUnaDataServlet?id_utente=2&data=2021-12-22 HTTP/1.1" 200 93
0:0:0:0:0:0:0:1 - - [08/Oct/2021:16:25:26 +0200] "GET /PJDM_mySugarLevel_v2/LoadValoreByUnaDataServlet?id_utente=2&data=2021-12-22 HTTP/1.1" 200 93
0:0:0:0:0:0:0:1 - - [08/Oct/2021:16:25:26 +0200] "GET /PJDM_mySugarLevel_v2/LoadValoreByUnaDataServlet?id_utente=2&data=2021-12-22 HTTP/1.1" 200 93
0:0:0:0:0:0:0:1 - - [08/Oct/2021:16:25:33 +0200] "POST /PJDM_mySugarLevel_v2/InsertValoreServlet?id_utente=1&data=2021/10/05&orario=22:21&valore=222&insulina=0&cibo=0 HTTP/1.1" 500 35
0:0:0:0:0:0:0:1 - - [08/Oct/2021:16:25:48 +0200] "DELETE /PJDM_mySugarLevel_v2/DeleteValoreServlet?id_utente=2&data=2021/10/05&orario=22:21 HTTP/1.1" 400 44
0:0:0:0:0:0:0:1 - - [08/Oct/2021:16:25:53 +0200] "DELETE /PJDM_mySugarLevel_v2/DeleteValoreServlet?id_utente=1&data=2021/10/05&orario=22:21 HTTP/1.1" 400 44
0:0:0:0:0:0:0:1 - - [08/Oct/2021:16:26:10 +0200] "GET /PJDM_mySugarLevel_v2/LoadValoreByUnaDataServlet?id_utente=2&data=2021-12-22 HTTP/1.1" 200 93
0:0:0:0:0:0:0:1 - - [08/Oct/2021:16:26:31 +0200] "DELETE /PJDM_mySugarLevel_v2/DeleteValoreServlet?id_utente=1&data=2021/10/05&orario=22:21 HTTP/1.1" 400 44
0:0:0:0:0:0:0:1 - - [08/Oct/2021:16:26:52 +0200] "DELETE /PJDM_mySugarLevel_v2/DeleteValoreServlet?id_utente=1&data=2021/10/05&orario=22:21 HTTP/1.1" 400 44
0:0:0:0:0:0:0:1 - - [08/Oct/2021:16:27:34 +0200] "DELETE /PJDM_mySugarLevel_v2/DeleteValoreServlet?id_utente=1&data=2021/10/05 HTTP/1.1" 400 99
127.0.0.1 - - [08/Oct/2021:16:28:40 +0200] "GET / HTTP/1.1" 404 751
0:0:0:0:0:0:0:1 - - [08/Oct/2021:16:28:43 +0200] "DELETE /PJDM_mySugarLevel_v2/DeleteValoreServlet?id_utente=1&data=2021/10/05 HTTP/1.1" 500 55
0:0:0:0:0:0:0:1 - - [08/Oct/2021:16:28:50 +0200] "DELETE /PJDM_mySugarLevel_v2/DeleteValoreServlet?id_utente=1&data=2021/10/05&orario=22:21 HTTP/1.1" 400 54
127.0.0.1 - - [08/Oct/2021:16:29:43 +0200] "GET / HTTP/1.1" 404 751
0:0:0:0:0:0:0:1 - - [08/Oct/2021:16:29:47 +0200] "DELETE /PJDM_mySugarLevel_v2/DeleteValoreServlet?id_utente=1&data=2021/10/05&orario=22:21 HTTP/1.1" 500 1490
0:0:0:0:0:0:0:1 - - [08/Oct/2021:16:29:55 +0200] "DELETE /PJDM_mySugarLevel_v2/DeleteValoreServlet?id_utente=1&data=2021/10/05&orario=22:21 HTTP/1.1" 500 1490
127.0.0.1 - - [08/Oct/2021:16:30:38 +0200] "GET / HTTP/1.1" 404 751
0:0:0:0:0:0:0:1 - - [08/Oct/2021:16:31:04 +0200] "DELETE /PJDM_mySugarLevel_v2/DeleteValoreServlet?id_utente=1&data=2021/10/05&orario=22:21 HTTP/1.1" 400 49
0:0:0:0:0:0:0:1 - - [08/Oct/2021:16:32:12 +0200] "DELETE /PJDM_mySugarLevel_v2/DeleteValoreServlet?id_utente=1&data=2021/10/05&orario=22:21 HTTP/1.1" 400 42
0:0:0:0:0:0:0:1 - - [08/Oct/2021:16:32:16 +0200] "DELETE /PJDM_mySugarLevel_v2/DeleteValoreServlet?id_utente=1&data=2021/10/05&orario=22:20 HTTP/1.1" 400 42
0:0:0:0:0:0:0:1 - - [08/Oct/2021:16:32:22 +0200] "POST /PJDM_mySugarLevel_v2/InsertValoreServlet?id_utente=1&data=2021/10/05&orario=22:21&valore=222&insulina=0&cibo=0 HTTP/1.1" 500 35
0:0:0:0:0:0:0:1 - - [08/Oct/2021:16:32:49 +0200] "DELETE /PJDM_mySugarLevel_v2/DeleteValoreServlet?id_utente=1&data=2021/08/08&orario=11:20 HTTP/1.1" 400 42
0:0:0:0:0:0:0:1 - - [08/Oct/2021:16:32:50 +0200] "DELETE /PJDM_mySugarLevel_v2/DeleteValoreServlet?id_utente=1&data=2021/08/08&orario=11:20 HTTP/1.1" 400 42
127.0.0.1 - - [08/Oct/2021:16:34:21 +0200] "GET / HTTP/1.1" 404 751
0:0:0:0:0:0:0:1 - - [08/Oct/2021:16:34:25 +0200] "DELETE /PJDM_mySugarLevel_v2/DeleteValoreServlet?id_utente=1&data=2021/08/08&orario=11:20 HTTP/1.1" 500 1781
0:0:0:0:0:0:0:1 - - [08/Oct/2021:16:36:05 +0200] "DELETE /PJDM_mySugarLevel_v2/DeleteValoreServlet?id_utente=1&data=2021/08/08&orario=11:20 HTTP/1.1" 400 42
127.0.0.1 - - [08/Oct/2021:16:36:30 +0200] "GET / HTTP/1.1" 404 751
0:0:0:0:0:0:0:1 - - [08/Oct/2021:16:36:31 +0200] "DELETE /PJDM_mySugarLevel_v2/DeleteValoreServlet?id_utente=1&data=2021/08/08&orario=11:20 HTTP/1.1" 400 42
0:0:0:0:0:0:0:1 - - [08/Oct/2021:16:40:39 +0200] "GET /PJDM_mySugarLevel_v2/LoadValoreServlet?id_utente=1&data=2021-09-08&orario=12:30 HTTP/1.1" 200 91
0:0:0:0:0:0:0:1 - - [08/Oct/2021:16:40:56 +0200] "POST /PJDM_mySugarLevel_v2/InsertValoreServlet?id_utente=1&data=2021/10/05&orario=22:21&valore=222&insulina=0&cibo=0 HTTP/1.1" 500 35
0:0:0:0:0:0:0:1 - - [08/Oct/2021:16:40:58 +0200] "GET /PJDM_mySugarLevel_v2/LoadValoreByUnaDataServlet?id_utente=2&data=2021-12-22 HTTP/1.1" 200 93
0:0:0:0:0:0:0:1 - - [08/Oct/2021:16:40:59 +0200] "GET /PJDM_mySugarLevel_v2/LoadValoreByUnaDataServlet?id_utente=2&data=2021-12-22 HTTP/1.1" 200 93
0:0:0:0:0:0:0:1 - - [08/Oct/2021:16:42:12 +0200] "GET /PJDM_mySugarLevel_v2/LoadValoreByUnaDataServlet?id_utente=2&data=2021-12-22 HTTP/1.1" 200 93
0:0:0:0:0:0:0:1 - - [08/Oct/2021:16:42:15 +0200] "DELETE /PJDM_mySugarLevel_v2/DeleteValoreServlet?id_utente=1&data=2021/08/08&orario=11:20 HTTP/1.1" 500 1449
0:0:0:0:0:0:0:1 - - [08/Oct/2021:16:45:31 +0200] "DELETE /PJDM_mySugarLevel_v2/DeleteValoreServlet?id_utente=1&data=2021/08/08&orario=11:20 HTTP/1.1" 500 1449
127.0.0.1 - - [08/Oct/2021:16:46:43 +0200] "GET / HTTP/1.1" 404 751
0:0:0:0:0:0:0:1 - - [08/Oct/2021:16:46:44 +0200] "GET /PJDM_mySugarLevel_v2/WEB-INF/classes/it/uniroma2/pjdm/mySugarLevel/servlet/DeleteValoreServlet.java HTTP/1.1" 404 682
0:0:0:0:0:0:0:1 - - [08/Oct/2021:16:46:44 +0200] "DELETE /PJDM_mySugarLevel_v2/DeleteValoreServlet?id_utente=1&data=2021/08/08&orario=11:20 HTTP/1.1" 400 42
0:0:0:0:0:0:0:1 - - [08/Oct/2021:16:47:18 +0200] "DELETE /PJDM_mySugarLevel_v2/DeleteValoreServlet?id_utente=1&data=2021/08/08&orario=11:20&valore=120 HTTP/1.1" 400 42
0:0:0:0:0:0:0:1 - - [08/Oct/2021:16:47:21 +0200] "DELETE /PJDM_mySugarLevel_v2/DeleteValoreServlet?id_utente=1&data=2021/08/08&orario=11:20 HTTP/1.1" 400 42
127.0.0.1 - - [08/Oct/2021:16:48:28 +0200] "GET / HTTP/1.1" 404 751
0:0:0:0:0:0:0:1 - - [08/Oct/2021:16:48:33 +0200] "DELETE /PJDM_mySugarLevel_v2/DeleteValoreServlet?id_utente=1&data=2021/08/08&orario=11:20 HTTP/1.1" 400 42
0:0:0:0:0:0:0:1 - - [08/Oct/2021:16:48:55 +0200] "DELETE /PJDM_mySugarLevel_v2/DeleteValoreServlet?id_utente=1&data=2021/08/08&orario=11:20 HTTP/1.1" 400 42
127.0.0.1 - - [08/Oct/2021:16:49:27 +0200] "GET / HTTP/1.1" 404 751
0:0:0:0:0:0:0:1 - - [08/Oct/2021:16:49:29 +0200] "DELETE /PJDM_mySugarLevel_v2/DeleteValoreServlet?id_utente=1&data=2021/08/08&orario=11:20 HTTP/1.1" 200 44
127.0.0.1 - - [08/Oct/2021:16:50:47 +0200] "GET / HTTP/1.1" 404 751
0:0:0:0:0:0:0:1 - - [08/Oct/2021:16:50:53 +0200] "POST /PJDM_mySugarLevel_v2/InsertValoreServlet?id_utente=1&data=2021/10/05&orario=22:21&valore=222&insulina=0&cibo=0 HTTP/1.1" 500 35
0:0:0:0:0:0:0:1 - - [08/Oct/2021:16:51:02 +0200] "DELETE /PJDM_mySugarLevel_v2/DeleteValoreServlet?id_utente=1&data=2021/10/05&orario=22:21 HTTP/1.1" 400 59
0:0:0:0:0:0:0:1 - - [08/Oct/2021:16:51:37 +0200] "DELETE /PJDM_mySugarLevel_v2/DeleteValoreServlet?id_utente=1&data=2021/10/05&orario=22:21 HTTP/1.1" 400 62
